[     888ms] [INFO] %cDownload the React DevTools for a better development experience: https://reactjs.org/link/react-devtools font-weight:bold @ webpack-internal:///./node_modules/react-dom/cjs/react-dom.development.js:29889
[     927ms] [LOG] [HMR] connected @ webpack-internal:///./node_modules/next/dist/client/components/react-dev-overlay/pages/websocket.js:38
[     959ms] [LOG] [Fast Refresh] rebuilding @ webpack-internal:///./node_modules/next/dist/client/components/react-dev-overlay/pages/hot-reloader-client.js:221
[    1128ms] [ERROR] Failed to load resource: the server responded with a status of 404 (Not Found) @ http://localhost:3000/_next/static/webpack/cc3d701467b56673.webpack.hot-update.json:0
[    1238ms] [INFO] %cDownload the React DevTools for a better development experience: https://reactjs.org/link/react-devtools font-weight:bold @ webpack-internal:///./node_modules/react-dom/cjs/react-dom.development.js:29889
[    1249ms] [LOG] [HMR] connected @ webpack-internal:///./node_modules/next/dist/client/components/react-dev-overlay/pages/websocket.js:38
[    3495ms] [LOG] [Fast Refresh] rebuilding @ webpack-internal:///./node_modules/next/dist/client/components/react-dev-overlay/pages/hot-reloader-client.js:221
[    6325ms] [LOG] [Fast Refresh] rebuilding @ webpack-internal:///./node_modules/next/dist/client/components/react-dev-overlay/pages/hot-reloader-client.js:221
[    6404ms] [WARNING] You have defined a target options but the provided ref is not yet hydrated, probably because it's defined higher up the tree. Try calling useScroll() in the same component as the ref, or setting its `layoutEffect: false` option. @ webpack-internal:///./node_modules/framer-motion/dist/es/utils/errors.mjs:13
[    6404ms] [WARNING] You have defined a target options but the provided ref is not yet hydrated, probably because it's defined higher up the tree. Try calling useScroll() in the same component as the ref, or setting its `layoutEffect: false` option. @ webpack-internal:///./node_modules/framer-motion/dist/es/utils/errors.mjs:13
[    6404ms] [WARNING] You have defined a target options but the provided ref is not yet hydrated, probably because it's defined higher up the tree. Try calling useScroll() in the same component as the ref, or setting its `layoutEffect: false` option. @ webpack-internal:///./node_modules/framer-motion/dist/es/utils/errors.mjs:13
[    6404ms] [WARNING] You have defined a target options but the provided ref is not yet hydrated, probably because it's defined higher up the tree. Try calling useScroll() in the same component as the ref, or setting its `layoutEffect: false` option. @ webpack-internal:///./node_modules/framer-motion/dist/es/utils/errors.mjs:13
[    6404ms] [WARNING] You have defined a target options but the provided ref is not yet hydrated, probably because it's defined higher up the tree. Try calling useScroll() in the same component as the ref, or setting its `layoutEffect: false` option. @ webpack-internal:///./node_modules/framer-motion/dist/es/utils/errors.mjs:13
[    6404ms] [WARNING] You have defined a target options but the provided ref is not yet hydrated, probably because it's defined higher up the tree. Try calling useScroll() in the same component as the ref, or setting its `layoutEffect: false` option. @ webpack-internal:///./node_modules/framer-motion/dist/es/utils/errors.mjs:13
[    6404ms] [WARNING] You have defined a target options but the provided ref is not yet hydrated, probably because it's defined higher up the tree. Try calling useScroll() in the same component as the ref, or setting its `layoutEffect: false` option. @ webpack-internal:///./node_modules/framer-motion/dist/es/utils/errors.mjs:13
[    6404ms] [WARNING] You have defined a target options but the provided ref is not yet hydrated, probably because it's defined higher up the tree. Try calling useScroll() in the same component as the ref, or setting its `layoutEffect: false` option. @ webpack-internal:///./node_modules/framer-motion/dist/es/utils/errors.mjs:13
[    6404ms] [WARNING] You have defined a target options but the provided ref is not yet hydrated, probably because it's defined higher up the tree. Try calling useScroll() in the same component as the ref, or setting its `layoutEffect: false` option. @ webpack-internal:///./node_modules/framer-motion/dist/es/utils/errors.mjs:13
[    6404ms] [WARNING] You have defined a target options but the provided ref is not yet hydrated, probably because it's defined higher up the tree. Try calling useScroll() in the same component as the ref, or setting its `layoutEffect: false` option. @ webpack-internal:///./node_modules/framer-motion/dist/es/utils/errors.mjs:13
[    6404ms] [WARNING] You have defined a target options but the provided ref is not yet hydrated, probably because it's defined higher up the tree. Try calling useScroll() in the same component as the ref, or setting its `layoutEffect: false` option. @ webpack-internal:///./node_modules/framer-motion/dist/es/utils/errors.mjs:13
[    6405ms] [WARNING] Please ensure that the container has a non-static position, like 'relative', 'fixed', or 'absolute' to ensure scroll offset is calculated correctly. @ webpack-internal:///./node_modules/framer-motion/dist/es/utils/warn-once.mjs:8
[    8200ms] [LOG] [Fast Refresh] rebuilding @ webpack-internal:///./node_modules/next/dist/client/components/react-dev-overlay/pages/hot-reloader-client.js:221
[    8240ms] [LOG] [Fast Refresh] done in 40ms @ webpack-internal:///./node_modules/next/dist/client/components/react-dev-overlay/pages/hot-reloader-client.js:190
[    9042ms] [LOG] [Fast Refresh] rebuilding @ webpack-internal:///./node_modules/next/dist/client/components/react-dev-overlay/pages/hot-reloader-client.js:221
